INFO:  latexindent version 3.24.7, 2025-08-15, a script to indent .tex files
       latexindent lives here: /usr/local/texlive/2025/texmf-dist/scripts/latexindent/
       Sun Jan 11 02:59:03 2026
       Reading input from STDIN
INFO:  Processing switches:
INFO:  Directory for backup files and log file indent.log:
       .
INFO:  YAML settings read: defaultSettings.yaml
       Reading defaultSettings.yaml from /usr/local/texlive/2025/texmf-dist/scripts/latexindent/defaultSettings.yaml
INFO:  YAML reading settings
       The config file in "/home/yasmercy/.indentconfig.yaml" will be read
       Reading path information from /home/yasmercy/.indentconfig.yaml
       ---
       paths:
         - /home/yasmercy/.config/latexindent/algorithmic.yaml
         - /home/yasmercy/.config/latexindent/spaces.yaml

INFO:  YAML settings, reading from the following files:
       Reading USER settings from /home/yasmercy/.config/latexindent/algorithmic.yaml
       ---
       specialBeginEnd:
         ForStatement:
           begin: \\For\{[^}]+?\}
           end: \\EndFor
         FunctionStatement:
           begin: \\Function\{[^}]+?\}\{[^}]*?\}
           end: \\EndFunction
         IfStatement:
           begin: \\If\{[^}]+?\}
           end: \\EndIf
           middle:
             - \\Else
             - \\ElsIf\{[^}]+?\}
         LoopStatement:
           begin: \\Loop
           end: \\EndLoop
         RepeatStatement:
           begin: \\Repeat
           end: \\Until\{[^}]+?\}
         WhileStatement:
           begin: \\While\{[^}]+?\}
           end: \\EndWhile
         specialBeforeCommand: '1'

       Reading USER settings from /home/yasmercy/.config/latexindent/spaces.yaml
       ---
       defaultIndent: '    '

INFO:  Phase 1: searching for objects
INFO:  Phase 2: finding surrounding indentation
INFO:  Phase 3: indenting objects
INFO:  Phase 4: final indentation check
INFO:  Output routine:
       Not outputting to file; see -w and -o switches for more options.
       --------------
INFO:  Please direct all communication/issues to:
        https://github.com/cmhughes/latexindent.pl
